> Task :kotlin-sdk:buildSrc:checkKotlinGradlePluginConfigurationErrors SKIPPED
> Task :kotlin-sdk:buildSrc:generateExternalPluginSpecBuilders UP-TO-DATE
> Task :kotlin-sdk:buildSrc:extractPrecompiledScriptPluginPlugins UP-TO-DATE
> Task :kotlin-sdk:buildSrc:compilePluginsBlocks UP-TO-DATE
> Task :kotlin-sdk:buildSrc:generatePrecompiledScriptPluginAccessors UP-TO-DATE
> Task :kotlin-sdk:buildSrc:generateScriptPluginAdapters UP-TO-DATE
> Task :kotlin-sdk:buildSrc:compileKotlin UP-TO-DATE
> Task :kotlin-sdk:buildSrc:compileJava NO-SOURCE
> Task :kotlin-sdk:buildSrc:compileGroovy NO-SOURCE
> Task :kotlin-sdk:buildSrc:pluginDescriptors UP-TO-DATE
> Task :kotlin-sdk:buildSrc:processResources UP-TO-DATE
> Task :kotlin-sdk:buildSrc:classes UP-TO-DATE
> Task :kotlin-sdk:buildSrc:jar UP-TO-DATE
> Task :checkKotlinGradlePluginConfigurationErrors SKIPPED
> Task :kotlin-sdk:kotlin-sdk-core:jvmProcessResources NO-SOURCE
> Task :kotlin-sdk:kotlin-sdk-core:checkKotlinGradlePluginConfigurationErrors SKIPPED
> Task :kotlin-sdk:kotlin-sdk-core:generateLibVersion UP-TO-DATE
> Task :processResources UP-TO-DATE
> Task :processTestResources NO-SOURCE
> Task :kotlin-sdk:kotlin-sdk-core:compileKotlinJvm UP-TO-DATE
> Task :kotlin-sdk:kotlin-sdk-core:compileJvmMainJava NO-SOURCE
> Task :kotlin-sdk:kotlin-sdk-core:processJvmMainResources SKIPPED
> Task :kotlin-sdk:kotlin-sdk-core:jvmMainClasses UP-TO-DATE
> Task :kotlin-sdk:kotlin-sdk-core:transformJvmMainAtomicfu UP-TO-DATE
> Task :kotlin-sdk:kotlin-sdk-core:jvmJar UP-TO-DATE
> Task :kotlin-sdk:kotlin-sdk-client:jvmProcessResources NO-SOURCE
> Task :kotlin-sdk:kotlin-sdk-client:checkKotlinGradlePluginConfigurationErrors SKIPPED
> Task :kotlin-sdk:kotlin-sdk-client:compileKotlinJvm UP-TO-DATE
> Task :kotlin-sdk:kotlin-sdk-client:compileJvmMainJava NO-SOURCE
> Task :kotlin-sdk:kotlin-sdk-client:processJvmMainResources SKIPPED
> Task :kotlin-sdk:kotlin-sdk-client:jvmMainClasses UP-TO-DATE
> Task :kotlin-sdk:kotlin-sdk-client:transformJvmMainAtomicfu UP-TO-DATE
> Task :kotlin-sdk:kotlin-sdk-client:jvmJar UP-TO-DATE
> Task :kotlin-sdk:kotlin-sdk-server:jvmProcessResources NO-SOURCE
> Task :kotlin-sdk:kotlin-sdk-server:checkKotlinGradlePluginConfigurationErrors SKIPPED
> Task :kotlin-sdk:kotlin-sdk-server:compileKotlinJvm UP-TO-DATE
> Task :kotlin-sdk:kotlin-sdk-server:compileJvmMainJava NO-SOURCE
> Task :kotlin-sdk:kotlin-sdk-server:processJvmMainResources SKIPPED
> Task :kotlin-sdk:kotlin-sdk-server:jvmMainClasses UP-TO-DATE
> Task :kotlin-sdk:kotlin-sdk-server:transformJvmMainAtomicfu UP-TO-DATE
> Task :kotlin-sdk:kotlin-sdk-server:jvmJar UP-TO-DATE
> Task :kotlin-sdk:kotlin-sdk:jvmProcessResources NO-SOURCE
> Task :kotlin-sdk:kotlin-sdk:checkKotlinGradlePluginConfigurationErrors SKIPPED
> Task :kotlin-sdk:kotlin-sdk:compileKotlinJvm UP-TO-DATE
> Task :kotlin-sdk:kotlin-sdk:compileJvmMainJava NO-SOURCE
> Task :kotlin-sdk:kotlin-sdk:processJvmMainResources SKIPPED
> Task :kotlin-sdk:kotlin-sdk:jvmMainClasses UP-TO-DATE
> Task :kotlin-sdk:kotlin-sdk:transformJvmMainAtomicfu UP-TO-DATE
> Task :kotlin-sdk:kotlin-sdk:jvmJar UP-TO-DATE
> Task :compileKotlin UP-TO-DATE
> Task :compileJava NO-SOURCE
> Task :classes UP-TO-DATE
> Task :jar UP-TO-DATE
> Task :compileTestKotlin UP-TO-DATE
> Task :compileTestJava NO-SOURCE
> Task :testClasses UP-TO-DATE

> Task :test FAILED

ProposalCardTest > proposal card renders correctly() FAILED
    org.opentest4j.AssertionFailedError at ProposalCardTest.kt:39

[Incubating] Problems report is available at: file:///Users/sergeyrudenko/projects/codex_to_claude/build/reports/problems/problems-report.html

Deprecated Gradle features were used in this build, making it incompatible with Gradle 9.0.

You can use '--warning-mode all' to show the individual deprecation warnings and determine if they come from your own scripts or plugins.

For more on this, please refer to https://docs.gradle.org/8.14/userguide/command_line_interface.html#sec:command_line_warnings in the Gradle documentation.
27 actionable tasks: 1 executed, 26 up-to-date
